client,available,held,total,locked
2,2,0,2,false
3,3.4321,0,3.4321,false
