client,available,held,total,locked
1,1.4767,0,1.4767,false
2,0.9995,0,0.9995,false
