client,available,held,total,locked
1,0.4,0,0.4,true
2,2,0,2,false
3,3.4321,0,3.4321,false
